// Jest Snapshot v1, https://goo.gl/fbAQLP

exports[`renders correctly 1`] = `
Array [
  <header>
    <nav
      className="navbar navbar-expand navbar-dark bg-dark"
    >
      <div
        className="container"
      >
        <a
          className="navbar-brand"
          href="/"
          onClick={[Function]}
        >
          A2Z SHOP
        </a>
        <div
          className="navbar-nav ml-auto"
        >
          <li
            className="nav-item"
          >
            <a
              className="nav-link"
              href="/login"
              onClick={[Function]}
            >
              Login
            </a>
          </li>
        </div>
      </div>
    </nav>
  </header>,
  <main>
    <div
      className="container"
    >
      <div
        className="container mt-3"
      >
        <div
          className="row pb-1"
        >
          <div
            className="input-group col-lg-4"
          >
            <h3>
              Welcome to the online shopping portal.
            </h3>
          </div>
        </div>
      </div>
    </div>
  </main>,
  <footer>
    <div
      className="container"
    >
      <div
        className="text-center py-3"
      >
        Copyright Â© A2Z Shop
      </div>
    </div>
  </footer>,
]
`;
